admin@admin-PC MINGW64 ~/Downloads
$ ssh -i "aws219.pem" ubuntu@65.0.12.174
The authenticity of host '65.0.12.174 (65.0.12.174)' can't be established.
ED25519 key fingerprint is SHA256:Q7HDM6zw1I3U6TiSvrNC1094UXhSJ6Ht0sUdz2ertRc.
This key is not known by any other names.
Are you sure you want to continue connecting (yes/no/[fingerprint])? yes
Warning: Permanently added '65.0.12.174' (ED25519) to the list of known hosts.
Welcome to Ubuntu 22.04.2 LTS (GNU/Linux 5.19.0-1025-aws x86_64)

 * Documentation:  https://help.ubuntu.com
 * Management:     https://landscape.canonical.com
 * Support:        https://ubuntu.com/advantage

  System information as of Fri Sep 29 10:09:08 UTC 2023

  System load:  0.080078125       Processes:             96
  Usage of /:   20.6% of 7.57GB   Users logged in:       0
  Memory usage: 23%               IPv4 address for eth0: 10.0.0.93
  Swap usage:   0%

Expanded Security Maintenance for Applications is not enabled.

0 updates can be applied immediately.

Enable ESM Apps to receive additional future security updates.
See https://ubuntu.com/esm or run: sudo pro status


The list of available updates is more than a week old.
To check for new updates run: sudo apt update


The programs included with the Ubuntu system are free software;
the exact distribution terms for each program are described in the
individual files in /usr/share/doc/*/copyright.

Ubuntu comes with ABSOLUTELY NO WARRANTY, to the extent permitted by
applicable law.

To run a command as administrator (user "root"), use "sudo <command>".
See "man sudo_root" for details.

ubuntu@ip-10-0-0-93:~$
ubuntu@ip-10-0-0-93:~$ sudo su
root@ip-10-0-0-93:/home/ubuntu# passwd ubuntu
New password:
Retype new password:
passwd: password updated successfully
root@ip-10-0-0-93:/home/ubuntu# exit
exit
ubuntu@ip-10-0-0-93:~$ exit
logout
Connection to 65.0.12.174 closed.

admin@admin-PC MINGW64 ~/Downloads
$ ssh -i "aws219.pem" ubuntu@65.0.12.174
Welcome to Ubuntu 22.04.2 LTS (GNU/Linux 5.19.0-1025-aws x86_64)

 * Documentation:  https://help.ubuntu.com
 * Management:     https://landscape.canonical.com
 * Support:        https://ubuntu.com/advantage

  System information as of Fri Sep 29 10:11:50 UTC 2023

  System load:  0.0029296875      Processes:             97
  Usage of /:   20.8% of 7.57GB   Users logged in:       0
  Memory usage: 23%               IPv4 address for eth0: 10.0.0.93
  Swap usage:   0%


Expanded Security Maintenance for Applications is not enabled.

0 updates can be applied immediately.

Enable ESM Apps to receive additional future security updates.
See https://ubuntu.com/esm or run: sudo pro status


The list of available updates is more than a week old.
To check for new updates run: sudo apt update

Last login: Fri Sep 29 10:09:09 2023 from 122.175.124.67
ubuntu@ip-10-0-0-93:~$ sudo su
root@ip-10-0-0-93:/home/ubuntu# cd /etc/ssh
root@ip-10-0-0-93:/etc/ssh# vim sshd_config
root@ip-10-0-0-93:/etc/ssh# service ssh restart
root@ip-10-0-0-93:/etc/ssh# exit
exit
ubuntu@ip-10-0-0-93:~$ exit
logout
Connection to 65.0.12.174 closed.

admin@admin-PC MINGW64 ~/Downloads
$ ssh ubuntu@65.0.12.174
ubuntu@65.0.12.174's password:
Permission denied, please try again.
ubuntu@65.0.12.174's password:
Welcome to Ubuntu 22.04.2 LTS (GNU/Linux 5.19.0-1025-aws x86_64)

 * Documentation:  https://help.ubuntu.com
 * Management:     https://landscape.canonical.com
 * Support:        https://ubuntu.com/advantage

  System information as of Fri Sep 29 10:17:32 UTC 2023

  System load:  0.0               Processes:             96
  Usage of /:   20.8% of 7.57GB   Users logged in:       0
  Memory usage: 23%               IPv4 address for eth0: 10.0.0.93
  Swap usage:   0%


Expanded Security Maintenance for Applications is not enabled.

0 updates can be applied immediately.

Enable ESM Apps to receive additional future security updates.
See https://ubuntu.com/esm or run: sudo pro status


The list of available updates is more than a week old.
To check for new updates run: sudo apt update

Last login: Fri Sep 29 10:11:51 2023 from 122.175.124.67
ubuntu@ip-10-0-0-93:~$
